lib/screens/crm_dashboard_screen.dart:174:      debugPrint('ERROR IN _loadStages: $e\n$stacktrace');
